[15:23:41] [main/INFO]: Loading Minecraft 1.21.8 with Fabric Loader 0.19.3
[15:23:41] [main/INFO]: Loading 48 mods:
	- carpet 1.4.177+v250630
	- carpet-org-addition 1.41.6
	- fabric-api 0.136.1+1.21.8
	   |-- fabric-api-base 0.5.0+cd8c0daa2c
	   |-- fabric-api-lookup-api-v1 1.6.101+946bf4c32c
	   |-- fabric-biome-api-v1 16.1.0+c21d71cc2c
	   |-- fabric-block-api-v1 1.1.3+946bf4c32c
	   |-- fabric-block-view-api-v2 1.0.31+946bf4c32c
	   |-- fabric-command-api-v2 2.3.1+52fff9ec2c
	   |-- fabric-content-registries-v0 10.1.0+c75de69d2c
	   |-- fabric-convention-tags-v1 2.1.41+7f945d5b2c
	   |-- fabric-convention-tags-v2 2.15.6+eb5df52f2c
	   |-- fabric-crash-report-info-v1 0.3.15+946bf4c32c
	   |-- fabric-data-attachment-api-v1 1.8.14+97214db32c
	   |-- fabric-data-generation-api-v1 23.2.8+2e1c6d322c
	   |-- fabric-dimensions-v1 4.0.20+948fc79a2c
	   |-- fabric-entity-events-v1 2.1.2+c9e472732c
	   |-- fabric-events-interaction-v0 4.0.26+946bf4c32c
	   |-- fabric-game-rule-api-v1 1.0.73+c64c9c5b2c
	   |-- fabric-item-api-v1 11.5.0+02ce13f42c
	   |-- fabric-item-group-api-v1 4.2.14+c5f9bbc12c
	   |-- fabric-key-binding-api-v1 1.0.65+946bf4c32c
	   |-- fabric-lifecycle-events-v1 2.6.4+db4dfd852c
	   |-- fabric-loot-api-v2 3.0.56+3f89f5a52c
	   |-- fabric-loot-api-v3 2.0.3+946bf4c32c
	   |-- fabric-message-api-v1 6.1.2+946bf4c32c
	   |-- fabric-model-loading-api-v1 5.2.8+946bf4c32c
	   |-- fabric-networking-api-v1 5.1.0+57cb96dd2c
	   |-- fabric-object-builder-api-v1 21.1.10+946bf4c32c
	   |-- fabric-particles-v1 4.1.10+946bf4c32c
	   |-- fabric-recipe-api-v1 8.1.17+946bf4c32c
	   |-- fabric-registry-sync-v0 6.1.30+946bf4c32c
	   |-- fabric-renderer-api-v1 7.0.5+208eed172c
	   |-- fabric-renderer-indigo 4.0.5+946bf4c32c
	   |-- fabric-rendering-fluids-v1 3.1.31+fa6cb72b2c
	   |-- fabric-rendering-v1 12.6.0+486b7ff72c
	   |-- fabric-resource-conditions-api-v1 5.0.25+98e6d6db2c
	   |-- fabric-resource-loader-v0 3.1.12+020423442c
	   |-- fabric-screen-api-v1 2.2.0+e0cb65d02c
	   |-- fabric-screen-handler-api-v1 1.3.139+946bf4c32c
	   |-- fabric-serialization-api-v1 1.0.0+fc0e5aba2c
	   |-- fabric-sound-api-v1 1.0.42+946bf4c32c
	   |-- fabric-tag-api-v1 1.2.2+946bf4c32c
	   |-- fabric-transfer-api-v1 6.0.6+946bf4c32c
	   \-- fabric-transitive-access-wideners-v1 6.5.0+c847ce762c
	- fabricloader 0.19.3
	   \-- mixinextras 0.5.4
	- ferritecore 8.0.4
	- java 21
	- krypton 0.2.9
	   \-- com_velocitypowered_velocity-native 3.4.0-SNAPSHOT
	- lithium 0.18.1+mc1.21.8
	- minecraft 1.21.8
	- spark 1.10.142
	   \-- fabric-permissions-api-v0 0.4.1
[15:23:41] [main/INFO]: SpongePowered MIXIN Subsystem Version=0.8.7 Source=file:/run/nedia/carmen/change/Projects/Potato/server/libraries/net/fabricmc/sponge-mixin/0.17.3+mixin.0.8.7/sponge-mixin-0.17.3+mixin.0.8.7.jar Service=Knot/Fabric Env=SERVER
[15:23:41] [main/INFO]: Compatibility level set to JAVA_17
[15:23:41] [main/INFO]: Compatibility level set to JAVA_21
[15:23:41] [main/INFO]: Loaded configuration file for Lithium: 164 options available, 0 override(s) found.
[15:23:41] [main/INFO]: Initializing MixinExtras via com.llamalad7.mixinextras.service.MixinExtrasServiceImpl(version=0.5.4).
[15:23:45] [main/INFO]: Compression will use libdeflate (Linux x86_64), encryption will use OpenSSL 3.x.x (Linux x86_64)
[15:23:45] [main/INFO]: Krypton is now accelerating your Minecraft server's networking stack 🚀
[15:23:45] [main/INFO]: Environment: Environment[sessionHost=https://sessionserver.mojang.com, servicesHost=https://api.minecraftservices.com, name=PROD]
[15:23:45] [Yggdrasil Key Fetcher/ERROR]: Failed to request yggdrasil public key
com.mojang.authlib.exceptions.MinecraftClientException: Failed to read from https://api.minecraftservices.com/publickeys due to api.minecraftservices.com
	at knot/com.mojang.authlib.minecraft.client.MinecraftClient.readInputStream(MinecraftClient.java:111) ~[authlib-6.0.58.jar:?]
	at knot/com.mojang.authlib.minecraft.client.MinecraftClient.get(MinecraftClient.java:56) ~[authlib-6.0.58.jar:?]
	at knot/com.mojang.authlib.yggdrasil.YggdrasilServicesKeyInfo.fetch(YggdrasilServicesKeyInfo.java:114) ~[authlib-6.0.58.jar:?]
	at knot/com.mojang.authlib.yggdrasil.YggdrasilServicesKeyInfo$1.run(YggdrasilServicesKeyInfo.java:89) ~[authlib-6.0.58.jar:?]
	at java.base/java.util.concurrent.Executors$RunnableAdapter.call(Executors.java:572) ~[?:?]
	at java.base/java.util.concurrent.FutureTask.run(FutureTask.java:317) ~[?:?]
	at java.base/java.util.concurrent.ScheduledThreadPoolExecutor$ScheduledFutureTask.run(ScheduledThreadPoolExecutor.java:304) ~[?:?]
	at java.base/java.util.concurrent.ThreadPoolExecutor.runWorker(ThreadPoolExecutor.java:1144) ~[?:?]
	at java.base/java.util.concurrent.ThreadPoolExecutor$Worker.run(ThreadPoolExecutor.java:642) ~[?:?]
	at java.base/java.lang.Thread.run(Thread.java:1583) [?:?]
Caused by: java.net.UnknownHostException: api.minecraftservices.com
	at java.base/sun.nio.ch.NioSocketImpl.connect(NioSocketImpl.java:567) ~[?:?]
	at java.base/java.net.SocksSocketImpl.connect(SocksSocketImpl.java:327) ~[?:?]
	at java.base/java.net.Socket.connect(Socket.java:751) ~[?:?]
	at java.base/sun.security.ssl.SSLSocketImpl.connect(SSLSocketImpl.java:304) ~[?:?]
	at java.base/sun.net.NetworkClient.doConnect(NetworkClient.java:178) ~[?:?]
	at java.base/sun.net.www.http.HttpClient.openServer(HttpClient.java:539) ~[?:?]
	at java.base/sun.net.www.http.HttpClient.openServer(HttpClient.java:644) ~[?:?]
	at java.base/sun.net.www.protocol.https.HttpsClient.<init>(HttpsClient.java:265) ~[?:?]
	at java.base/sun.net.www.protocol.https.HttpsClient.New(HttpsClient.java:378) ~[?:?]
	at java.base/sun.net.www.protocol.https.AbstractDelegateHttpsURLConnection.getNewHttpClient(AbstractDelegateHttpsURLConnection.java:196) ~[?:?]
	at java.base/sun.net.www.protocol.http.HttpURLConnection.plainConnect0(HttpURLConnection.java:1305) ~[?:?]
	at java.base/sun.net.www.protocol.http.HttpURLConnection.plainConnect(HttpURLConnection.java:1146) ~[?:?]
	at java.base/sun.net.www.protocol.http.HttpURLConnection.connect(HttpURLConnection.java:1075) ~[?:?]
	at java.base/sun.net.www.protocol.https.AbstractDelegateHttpsURLConnection.connect(AbstractDelegateHttpsURLConnection.java:181) ~[?:?]
	at java.base/sun.net.www.protocol.http.HttpURLConnection.getInputStream0(HttpURLConnection.java:1707) ~[?:?]
	at java.base/sun.net.www.protocol.http.HttpURLConnection.getInputStream(HttpURLConnection.java:1632) ~[?:?]
	at java.base/java.net.HttpURLConnection.getResponseCode(HttpURLConnection.java:531) ~[?:?]
	at java.base/sun.net.www.protocol.https.HttpsURLConnectionImpl.getResponseCode(HttpsURLConnectionImpl.java:307) ~[?:?]
	at knot/com.mojang.authlib.minecraft.client.MinecraftClient.readInputStream(MinecraftClient.java:82) ~[authlib-6.0.58.jar:?]
	... 9 more
[15:23:46] [main/INFO]: Loaded 1407 recipes
[15:23:46] [main/INFO]: Loaded 1520 advancements
[15:23:46] [main/INFO]: Applied 0 biome modifications to 0 of 65 new biomes in 766.9 μs
[15:23:46] [Server thread/INFO]: Starting background profiler...
[15:23:46] [Server thread/INFO]: Starting minecraft server version 1.21.8
[15:23:46] [Server thread/INFO]: Loading properties
[15:23:46] [Server thread/INFO]: Default game type: SURVIVAL
[15:23:46] [Server thread/INFO]: Generating keypair
[15:23:46] [Server thread/INFO]: Starting Minecraft server on *:25566
[15:23:46] [Server thread/INFO]: Using epoll channel type
[15:23:46] [Server thread/WARN]: Failed to find a usable hardware address from the network interfaces; using random bytes: c1:f9:d1:3f:1a:56:8d:95
[15:23:46] [Server thread/WARN]: **** SERVER IS RUNNING IN OFFLINE/INSECURE MODE!
[15:23:46] [Server thread/WARN]: The server will make no attempt to authenticate usernames. Beware.
[15:23:46] [Server thread/WARN]: While this makes the game possible to play without internet access, it also opens up the ability for hackers to connect with any username they choose.
[15:23:46] [Server thread/WARN]: To change this, set "online-mode" to "true" in the server.properties file.
[15:23:46] [Server thread/INFO]: Preparing level "world"
[15:23:47] [Server thread/INFO]: Preparing start region for dimension minecraft:overworld
[15:23:47] [Worker-Main-11/INFO]: Preparing spawn area: 0%
[15:23:47] [Server thread/INFO]: Time elapsed: 453 ms
[15:23:47] [Server thread/INFO]: Done (0.648s)! For help, type "help"
[15:23:47] [Server thread/INFO]: There are 0 of a max of 20 players online: 
[15:24:47] [Server thread/INFO]: Server empty for 60 seconds, pausing
[15:26:52] [Server thread/INFO]: Aeagensea_Carmen[/127.0.0.1:38554] logged in with entity id 15 at (-852.8949392405658, 72.0, -832.6325624395967)
[15:26:52] [Server thread/INFO]: Aeagensea_Carmen joined the game
[15:26:52] [Server thread/INFO]: Player Aeagensea_Carmen joined with a matching carpet client
[15:28:45] [Yggdrasil Key Fetcher/ERROR]: Failed to request yggdrasil public key
com.mojang.authlib.exceptions.MinecraftClientException: Failed to read from https://api.minecraftservices.com/publickeys due to api.minecraftservices.com
	at knot/com.mojang.authlib.minecraft.client.MinecraftClient.readInputStream(MinecraftClient.java:111) ~[authlib-6.0.58.jar:?]
	at knot/com.mojang.authlib.minecraft.client.MinecraftClient.get(MinecraftClient.java:56) ~[authlib-6.0.58.jar:?]
	at knot/com.mojang.authlib.yggdrasil.YggdrasilServicesKeyInfo.fetch(YggdrasilServicesKeyInfo.java:114) ~[authlib-6.0.58.jar:?]
	at knot/com.mojang.authlib.yggdrasil.YggdrasilServicesKeyInfo$1.run(YggdrasilServicesKeyInfo.java:89) ~[authlib-6.0.58.jar:?]
	at java.base/java.util.concurrent.Executors$RunnableAdapter.call(Executors.java:572) ~[?:?]
	at java.base/java.util.concurrent.FutureTask.run(FutureTask.java:317) ~[?:?]
	at java.base/java.util.concurrent.ScheduledThreadPoolExecutor$ScheduledFutureTask.run(ScheduledThreadPoolExecutor.java:304) ~[?:?]
	at java.base/java.util.concurrent.ThreadPoolExecutor.runWorker(ThreadPoolExecutor.java:1144) ~[?:?]
	at java.base/java.util.concurrent.ThreadPoolExecutor$Worker.run(ThreadPoolExecutor.java:642) ~[?:?]
	at java.base/java.lang.Thread.run(Thread.java:1583) [?:?]
Caused by: java.net.UnknownHostException: api.minecraftservices.com
	at java.base/sun.nio.ch.NioSocketImpl.connect(NioSocketImpl.java:567) ~[?:?]
	at java.base/java.net.SocksSocketImpl.connect(SocksSocketImpl.java:327) ~[?:?]
	at java.base/java.net.Socket.connect(Socket.java:751) ~[?:?]
	at java.base/sun.security.ssl.SSLSocketImpl.connect(SSLSocketImpl.java:304) ~[?:?]
	at java.base/sun.net.NetworkClient.doConnect(NetworkClient.java:178) ~[?:?]
	at java.base/sun.net.www.http.HttpClient.openServer(HttpClient.java:539) ~[?:?]
	at java.base/sun.net.www.http.HttpClient.openServer(HttpClient.java:644) ~[?:?]
	at java.base/sun.net.www.protocol.https.HttpsClient.<init>(HttpsClient.java:265) ~[?:?]
	at java.base/sun.net.www.protocol.https.HttpsClient.New(HttpsClient.java:378) ~[?:?]
	at java.base/sun.net.www.protocol.https.AbstractDelegateHttpsURLConnection.getNewHttpClient(AbstractDelegateHttpsURLConnection.java:196) ~[?:?]
	at java.base/sun.net.www.protocol.http.HttpURLConnection.plainConnect0(HttpURLConnection.java:1305) ~[?:?]
	at java.base/sun.net.www.protocol.http.HttpURLConnection.plainConnect(HttpURLConnection.java:1146) ~[?:?]
	at java.base/sun.net.www.protocol.http.HttpURLConnection.connect(HttpURLConnection.java:1075) ~[?:?]
	at java.base/sun.net.www.protocol.https.AbstractDelegateHttpsURLConnection.connect(AbstractDelegateHttpsURLConnection.java:181) ~[?:?]
	at java.base/sun.net.www.protocol.http.HttpURLConnection.getInputStream0(HttpURLConnection.java:1707) ~[?:?]
	at java.base/sun.net.www.protocol.http.HttpURLConnection.getInputStream(HttpURLConnection.java:1632) ~[?:?]
	at java.base/java.net.HttpURLConnection.getResponseCode(HttpURLConnection.java:531) ~[?:?]
	at java.base/sun.net.www.protocol.https.HttpsURLConnectionImpl.getResponseCode(HttpsURLConnectionImpl.java:307) ~[?:?]
	at knot/com.mojang.authlib.minecraft.client.MinecraftClient.readInputStream(MinecraftClient.java:82) ~[authlib-6.0.58.jar:?]
	... 9 more
[15:35:37] [Server thread/WARN]: Mismatch in destroy block pos: class_2338{x=-783, y=76, z=-801} class_2338{x=-783, y=75, z=-801}
[15:36:01] [Server thread/WARN]: Mismatch in destroy block pos: class_2338{x=-774, y=72, z=-801} class_2338{x=-753, y=74, z=-801}
[15:36:01] [Server thread/WARN]: Mismatch in destroy block pos: class_2338{x=-774, y=72, z=-801} class_2338{x=-753, y=74, z=-801}
[15:36:01] [Server thread/WARN]: Mismatch in destroy block pos: class_2338{x=-774, y=72, z=-801} class_2338{x=-753, y=74, z=-801}
[15:36:45] [Server thread/INFO]: [Aeagensea_Carmen: Set own game mode to Spectator Mode]
[15:37:06] [Server thread/INFO]: [Aeagensea_Carmen: Set own game mode to Survival Mode]
[15:38:45] [Yggdrasil Key Fetcher/ERROR]: Failed to request yggdrasil public key
com.mojang.authlib.exceptions.MinecraftClientException: Failed to read from https://api.minecraftservices.com/publickeys due to api.minecraftservices.com
	at knot/com.mojang.authlib.minecraft.client.MinecraftClient.readInputStream(MinecraftClient.java:111) ~[authlib-6.0.58.jar:?]
	at knot/com.mojang.authlib.minecraft.client.MinecraftClient.get(MinecraftClient.java:56) ~[authlib-6.0.58.jar:?]
	at knot/com.mojang.authlib.yggdrasil.YggdrasilServicesKeyInfo.fetch(YggdrasilServicesKeyInfo.java:114) ~[authlib-6.0.58.jar:?]
	at knot/com.mojang.authlib.yggdrasil.YggdrasilServicesKeyInfo$1.run(YggdrasilServicesKeyInfo.java:89) ~[authlib-6.0.58.jar:?]
	at java.base/java.util.concurrent.Executors$RunnableAdapter.call(Executors.java:572) ~[?:?]
	at java.base/java.util.concurrent.FutureTask.run(FutureTask.java:317) ~[?:?]
	at java.base/java.util.concurrent.ScheduledThreadPoolExecutor$ScheduledFutureTask.run(ScheduledThreadPoolExecutor.java:304) ~[?:?]
	at java.base/java.util.concurrent.ThreadPoolExecutor.runWorker(ThreadPoolExecutor.java:1144) ~[?:?]
	at java.base/java.util.concurrent.ThreadPoolExecutor$Worker.run(ThreadPoolExecutor.java:642) ~[?:?]
	at java.base/java.lang.Thread.run(Thread.java:1583) [?:?]
Caused by: java.net.UnknownHostException: api.minecraftservices.com
	at java.base/sun.nio.ch.NioSocketImpl.connect(NioSocketImpl.java:567) ~[?:?]
	at java.base/java.net.SocksSocketImpl.connect(SocksSocketImpl.java:327) ~[?:?]
	at java.base/java.net.Socket.connect(Socket.java:751) ~[?:?]
	at java.base/sun.security.ssl.SSLSocketImpl.connect(SSLSocketImpl.java:304) ~[?:?]
	at java.base/sun.net.NetworkClient.doConnect(NetworkClient.java:178) ~[?:?]
	at java.base/sun.net.www.http.HttpClient.openServer(HttpClient.java:539) ~[?:?]
	at java.base/sun.net.www.http.HttpClient.openServer(HttpClient.java:644) ~[?:?]
	at java.base/sun.net.www.protocol.https.HttpsClient.<init>(HttpsClient.java:265) ~[?:?]
	at java.base/sun.net.www.protocol.https.HttpsClient.New(HttpsClient.java:378) ~[?:?]
	at java.base/sun.net.www.protocol.https.AbstractDelegateHttpsURLConnection.getNewHttpClient(AbstractDelegateHttpsURLConnection.java:196) ~[?:?]
	at java.base/sun.net.www.protocol.http.HttpURLConnection.plainConnect0(HttpURLConnection.java:1305) ~[?:?]
	at java.base/sun.net.www.protocol.http.HttpURLConnection.plainConnect(HttpURLConnection.java:1146) ~[?:?]
	at java.base/sun.net.www.protocol.http.HttpURLConnection.connect(HttpURLConnection.java:1075) ~[?:?]
	at java.base/sun.net.www.protocol.https.AbstractDelegateHttpsURLConnection.connect(AbstractDelegateHttpsURLConnection.java:181) ~[?:?]
	at java.base/sun.net.www.protocol.http.HttpURLConnection.getInputStream0(HttpURLConnection.java:1707) ~[?:?]
	at java.base/sun.net.www.protocol.http.HttpURLConnection.getInputStream(HttpURLConnection.java:1632) ~[?:?]
	at java.base/java.net.HttpURLConnection.getResponseCode(HttpURLConnection.java:531) ~[?:?]
	at java.base/sun.net.www.protocol.https.HttpsURLConnectionImpl.getResponseCode(HttpsURLConnectionImpl.java:307) ~[?:?]
	at knot/com.mojang.authlib.minecraft.client.MinecraftClient.readInputStream(MinecraftClient.java:82) ~[authlib-6.0.58.jar:?]
	... 9 more
[15:56:39] [Server thread/INFO]: [Aeagensea_Carmen: Set own game mode to Creative Mode]
[15:57:06] [Server thread/INFO]: [Aeagensea_Carmen: Set own game mode to Survival Mode]
[15:58:17] [Server thread/INFO]: Aeagensea_Carmen lost connection: Disconnected
[15:58:17] [Server thread/INFO]: Aeagensea_Carmen left the game
[15:59:17] [Server thread/INFO]: Server empty for 60 seconds, pausing
[16:05:51] [Server thread/INFO]: Aeagensea_Carmen[/127.0.0.1:34582] logged in with entity id 12156 at (-842.6986093012321, 72.0, -725.226445594609)
[16:05:51] [Server thread/INFO]: Aeagensea_Carmen joined the game
[16:05:52] [Server thread/INFO]: Player Aeagensea_Carmen joined with a matching carpet client
[16:13:20] [Server thread/INFO]: Aeagensea_Carmen lost connection: Disconnected
[16:13:20] [Server thread/INFO]: Aeagensea_Carmen left the game
[16:14:20] [Server thread/INFO]: Server empty for 60 seconds, pausing
[16:15:48] [Server thread/INFO]: Aeagensea_Carmen[/127.0.0.1:39960] logged in with entity id 14768 at (42.864460440679636, 37.26062899953002, -121.3195064390872)
[16:15:48] [Server thread/INFO]: Aeagensea_Carmen joined the game
[16:15:49] [Server thread/INFO]: Player Aeagensea_Carmen joined with a matching carpet client
[16:15:52] [Server thread/INFO]: Aeagensea_Carmen burned to death
[16:15:52] [Server thread/INFO]: Aeagensea_Carmen has the following entity data: [36.061541771609434d, 34.76645790576267d, -117.56998125676603d]
[16:15:52] [Server thread/INFO]: Aeagensea_Carmen has the following entity data: "minecraft:the_nether"
[16:16:00] [Server thread/INFO]: [Not Secure] <Aeagensea_Carmen> !!stp back
[16:16:00] [Server thread/INFO]: Aeagensea_Carmen has the following entity data: [-867.5276739256536d, 72.5625d, -679.4199165861858d]
[16:16:00] [Server thread/INFO]: Aeagensea_Carmen has the following entity data: "minecraft:overworld"
[16:16:00] [Server thread/INFO]: Teleported Aeagensea_Carmen to 36.061542, 34.766458, -117.569981
[16:16:25] [Server thread/INFO]: [Not Secure] <Aeagensea_Carmen> !!stp back
[16:16:25] [Server thread/INFO]: Aeagensea_Carmen has the following entity data: [24.476764789189374d, 36.0d, -116.7119942558787d]
[16:16:25] [Server thread/INFO]: Aeagensea_Carmen has the following entity data: "minecraft:the_nether"
[16:16:25] [Server thread/INFO]: Teleported Aeagensea_Carmen to -867.527674, 72.562500, -679.419917
[16:18:32] [Server thread/INFO]: [Aeagensea_Carmen: Set own game mode to Creative Mode]
[16:51:06] [Server thread/INFO]: [Aeagensea_Carmen: Set own game mode to Survival Mode]
[16:51:39] [Server thread/INFO]: [Aeagensea_Carmen: Set own game mode to Creative Mode]
[16:54:28] [Server thread/INFO]: [Aeagensea_Carmen: Set own game mode to Survival Mode]
[16:55:07] [Server thread/INFO]: [Aeagensea_Carmen: Set own game mode to Creative Mode]
[17:09:59] [Server thread/INFO]: [Aeagensea_Carmen: Set own game mode to Survival Mode]
[17:10:51] [Server thread/INFO]: [Aeagensea_Carmen: Set own game mode to Creative Mode]
[17:11:14] [Server thread/INFO]: [Aeagensea_Carmen: Set own game mode to Survival Mode]
[17:12:48] [Server thread/INFO]: [Aeagensea_Carmen: Set own game mode to Creative Mode]
[17:12:56] [Server thread/INFO]: [Aeagensea_Carmen: Set own game mode to Survival Mode]
[17:17:42] [Server thread/INFO]: [Aeagensea_Carmen: Set own game mode to Creative Mode]
[17:26:51] [Server thread/INFO]: Aeagensea_Carmen lost connection: Disconnected
[17:26:51] [Server thread/INFO]: Aeagensea_Carmen left the game
[17:26:55] [Server thread/INFO]: Stopping the server
[17:26:55] [Server thread/INFO]: Stopping server
[17:26:55] [Server thread/INFO]: Saving players
[17:26:55] [Server thread/INFO]: Saving worlds
[17:26:55] [Server thread/INFO]: Saving chunks for level 'ServerLevel[world]'/minecraft:overworld
[17:26:55] [Server thread/INFO]: Saving chunks for level 'ServerLevel[world]'/minecraft:the_nether
[17:26:55] [Server thread/INFO]: Saving chunks for level 'ServerLevel[world]'/minecraft:the_end
[17:26:55] [Server thread/INFO]: ThreadedAnvilChunkStorage (world): All chunks are saved
[17:26:55] [Server thread/INFO]: ThreadedAnvilChunkStorage (DIM-1): All chunks are saved
[17:26:55] [Server thread/INFO]: ThreadedAnvilChunkStorage (DIM1): All chunks are saved
[17:26:55] [Server thread/INFO]: ThreadedAnvilChunkStorage: All dimensions are saved
